
> citypulse-frontend@2.0.0 dev
> vite --port 5173 --strictPort


  [32m[1mVITE[22m v5.4.21[39m  [2mready in [0m[1m301[22m[2m[0m ms[22m

  [32m➜[39m  [1mLocal[22m:   [36mhttp://localhost:[1m5173[22m/[39m
[2m  [32m➜[39m  [1mNetwork[22m[2m: use [22m[1m--host[22m[2m to expose[22m
[2m5:01:15 am[22m [31m[1m[vite][22m[39m [31mws proxy socket error:[39m
Error: write ECONNABORTED
    at afterWriteDispatched (node:internal/stream_base_commons:159:15)
    at writeGeneric (node:internal/stream_base_commons:150:3)
    at Socket._writeGeneric (node:net:1262:11)
    at Socket._write (node:net:1274:8)
    at writeOrBuffer (node:internal/streams/writable:574:12)
    at _write (node:internal/streams/writable:503:10)
    at Writable.write (node:internal/streams/writable:512:10)
    at Socket.ondata (node:internal/streams/readable:1021:24)
    at Socket.emit (node:events:514:28)
    at addChunk (node:internal/streams/readable:568:12)
    at readableAddChunkPushByteMode (node:internal/streams/readable:519:3)
    at Readable.push (node:internal/streams/readable:399:5)
    at TCP.onStreamRead (node:internal/stream_base_commons:189:23)
[2m5:02:25 am[22m [36m[1m[vite][22m[39m [32mhmr update [39m[2m/src/components/CityMap.jsx[22m
[2m5:02:28 am[22m [31m[1m[vite][22m[39m [31mws proxy socket error:[39m
Error: write ECONNABORTED
    at afterWriteDispatched (node:internal/stream_base_commons:159:15)
    at writeGeneric (node:internal/stream_base_commons:150:3)
    at Socket._writeGeneric (node:net:1262:11)
    at Socket._write (node:net:1274:8)
    at writeOrBuffer (node:internal/streams/writable:574:12)
    at _write (node:internal/streams/writable:503:10)
    at Writable.write (node:internal/streams/writable:512:10)
    at Socket.ondata (node:internal/streams/readable:1021:24)
    at Socket.emit (node:events:514:28)
    at addChunk (node:internal/streams/readable:568:12)
    at readableAddChunkPushByteMode (node:internal/streams/readable:519:3)
    at Readable.push (node:internal/streams/readable:399:5)
    at TCP.onStreamRead (node:internal/stream_base_commons:189:23)
[2m5:05:35 am[22m [36m[1m[vite][22m[39m [32mhmr update [39m[2m/src/components/CityMap.jsx[22m
[2m5:10:02 am[22m [36m[1m[vite][22m[39m [32mhmr update [39m[2m/src/index.css[22m
[2m5:10:54 am[22m [31m[1m[vite][22m[39m [31mws proxy socket error:[39m
Error: write ECONNABORTED
    at afterWriteDispatched (node:internal/stream_base_commons:159:15)
    at writeGeneric (node:internal/stream_base_commons:150:3)
    at Socket._writeGeneric (node:net:1262:11)
    at Socket._write (node:net:1274:8)
    at writeOrBuffer (node:internal/streams/writable:574:12)
    at _write (node:internal/streams/writable:503:10)
    at Writable.write (node:internal/streams/writable:512:10)
    at Socket.ondata (node:internal/streams/readable:1021:24)
    at Socket.emit (node:events:514:28)
    at addChunk (node:internal/streams/readable:568:12)
    at readableAddChunkPushByteMode (node:internal/streams/readable:519:3)
    at Readable.push (node:internal/streams/readable:399:5)
    at TCP.onStreamRead (node:internal/stream_base_commons:189:23)
[2m5:12:33 am[22m [31m[1m[vite][22m[39m [31mws proxy socket error:[39m
Error: write ECONNABORTED
    at afterWriteDispatched (node:internal/stream_base_commons:159:15)
    at writeGeneric (node:internal/stream_base_commons:150:3)
    at Socket._writeGeneric (node:net:1262:11)
    at Socket._write (node:net:1274:8)
    at writeOrBuffer (node:internal/streams/writable:574:12)
    at _write (node:internal/streams/writable:503:10)
    at Writable.write (node:internal/streams/writable:512:10)
    at Socket.ondata (node:internal/streams/readable:1021:24)
    at Socket.emit (node:events:514:28)
    at addChunk (node:internal/streams/readable:568:12)
    at readableAddChunkPushByteMode (node:internal/streams/readable:519:3)
    at Readable.push (node:internal/streams/readable:399:5)
    at TCP.onStreamRead (node:internal/stream_base_commons:189:23)
[2m5:14:41 am[22m [31m[1m[vite][22m[39m [31mws proxy socket error:[39m
Error: write ECONNABORTED
    at afterWriteDispatched (node:internal/stream_base_commons:159:15)
    at writeGeneric (node:internal/stream_base_commons:150:3)
    at Socket._writeGeneric (node:net:1262:11)
    at Socket._write (node:net:1274:8)
    at writeOrBuffer (node:internal/streams/writable:574:12)
    at _write (node:internal/streams/writable:503:10)
    at Writable.write (node:internal/streams/writable:512:10)
    at Socket.ondata (node:internal/streams/readable:1021:24)
    at Socket.emit (node:events:514:28)
    at addChunk (node:internal/streams/readable:568:12)
    at readableAddChunkPushByteMode (node:internal/streams/readable:519:3)
    at Readable.push (node:internal/streams/readable:399:5)
    at TCP.onStreamRead (node:internal/stream_base_commons:189:23)
[2m5:15:42 am[22m [36m[1m[vite][22m[39m [32mpage reload [39m[2mdist/index.html[22m
[2m5:15:47 am[22m [36m[1m[vite][22m[39m [32mpage reload [39m[2mdist/index.html[22m
[2m5:19:03 am[22m [31m[1m[vite][22m[39m [31mws proxy socket error:[39m
Error: write ECONNABORTED
    at afterWriteDispatched (node:internal/stream_base_commons:159:15)
    at writeGeneric (node:internal/stream_base_commons:150:3)
    at Socket._writeGeneric (node:net:1262:11)
    at Socket._write (node:net:1274:8)
    at writeOrBuffer (node:internal/streams/writable:574:12)
    at _write (node:internal/streams/writable:503:10)
    at Writable.write (node:internal/streams/writable:512:10)
    at Socket.ondata (node:internal/streams/readable:1021:24)
    at Socket.emit (node:events:514:28)
    at addChunk (node:internal/streams/readable:568:12)
    at readableAddChunkPushByteMode (node:internal/streams/readable:519:3)
    at Readable.push (node:internal/streams/readable:399:5)
    at TCP.onStreamRead (node:internal/stream_base_commons:189:23)
[2m5:21:02 am[22m [31m[1m[vite][22m[39m [31mws proxy socket error:[39m
Error: write ECONNABORTED
    at afterWriteDispatched (node:internal/stream_base_commons:159:15)
    at writeGeneric (node:internal/stream_base_commons:150:3)
    at Socket._writeGeneric (node:net:1262:11)
    at Socket._write (node:net:1274:8)
    at writeOrBuffer (node:internal/streams/writable:574:12)
    at _write (node:internal/streams/writable:503:10)
    at Writable.write (node:internal/streams/writable:512:10)
    at Socket.ondata (node:internal/streams/readable:1021:24)
    at Socket.emit (node:events:514:28)
    at addChunk (node:internal/streams/readable:568:12)
    at readableAddChunkPushByteMode (node:internal/streams/readable:519:3)
    at Readable.push (node:internal/streams/readable:399:5)
    at TCP.onStreamRead (node:internal/stream_base_commons:189:23)
[2m5:29:02 am[22m [31m[1m[vite][22m[39m [31mws proxy error:[39m
Error: read ECONNRESET
    at TCP.onStreamRead (node:internal/stream_base_commons:216:20)
[2m5:29:04 am[22m [31m[1m[vite][22m[39m [31mws proxy error:[39m
Error: connect ECONNREFUSED 127.0.0.1:8000
    at TCPConnectWrap.afterConnect [as oncomplete] (node:net:2021:16)
[2m5:29:06 am[22m [31m[1m[vite][22m[39m [31mws proxy error:[39m
Error: connect ECONNREFUSED 127.0.0.1:8000
    at TCPConnectWrap.afterConnect [as oncomplete] (node:net:2021:16)
[2m5:41:38 am[22m [36m[1m[vite][22m[39m [32mhmr update [39m[2m/src/pages/Simulation.jsx[22m
